
> @sc/mobile@0.0.0 start C:\Users\wjose\source\repos\stylists-center\apps\mobile
> expo start --dev-client "--lan"

env: load .env
env: export EXPO_PUBLIC_API_URL EXPO_PUBLIC_MAPTILER_KEY EXPO_PUBLIC_MAP_ENGINE EXPO_PUBLIC_MAP_TILE_URL
Starting project at C:\Users\wjose\source\repos\stylists-center\apps\mobile
Logs: C:\Users\wjose\source\repos\stylists-center\apps\mobile\.expo\dev\logs\start.log
Expo Autolinking module resolution enabled
Starting Metro Bundler

Waiting on http://localhost:8081

An update for expo is available: 57.0.9 → ~57.0.13
15 other packages may need updating. Run npx expo install --check for details.
Logs for your project will appear below.
Android Bundled 5680ms node_modules\expo-router\entry.js (4663 modules)
 WARN  [Reanimated] Writing to `value` during component render. Please ensure that you don't access the `value` property nor use `set` method of a shared value while React is rendering a component.

If you don't want to see this message, you can disable the `strict` mode. Refer to:
https://docs.swmansion.com/react-native-reanimated/docs/debugging/logger-configuration for more details.
 WARN  [Reanimated] Writing to `value` during component render. Please ensure that you don't access the `value` property nor use `set` method of a shared value while React is rendering a component.

If you don't want to see this message, you can disable the `strict` mode. Refer to:
https://docs.swmansion.com/react-native-reanimated/docs/debugging/logger-configuration for more details.
 WARN  [Reanimated] Writing to `value` during component render. Please ensure that you don't access the `value` property nor use `set` method of a shared value while React is rendering a component.

If you don't want to see this message, you can disable the `strict` mode. Refer to:
https://docs.swmansion.com/react-native-reanimated/docs/debugging/logger-configuration for more details.
 WARN  [Reanimated] Writing to `value` during component render. Please ensure that you don't access the `value` property nor use `set` method of a shared value while React is rendering a component.

If you don't want to see this message, you can disable the `strict` mode. Refer to:
https://docs.swmansion.com/react-native-reanimated/docs/debugging/logger-configuration for more details.
 WARN  [Reanimated] Writing to `value` during component render. Please ensure that you don't access the `value` property nor use `set` method of a shared value while React is rendering a component.

If you don't want to see this message, you can disable the `strict` mode. Refer to:
https://docs.swmansion.com/react-native-reanimated/docs/debugging/logger-configuration for more details.
 WARN  [Reanimated] Writing to `value` during component render. Please ensure that you don't access the `value` property nor use `set` method of a shared value while React is rendering a component.

If you don't want to see this message, you can disable the `strict` mode. Refer to:
https://docs.swmansion.com/react-native-reanimated/docs/debugging/logger-configuration for more details.
 WARN  [Reanimated] Writing to `value` during component render. Please ensure that you don't access the `value` property nor use `set` method of a shared value while React is rendering a component.

If you don't want to see this message, you can disable the `strict` mode. Refer to:
https://docs.swmansion.com/react-native-reanimated/docs/debugging/logger-configuration for more details.
 WARN  [Reanimated] Writing to `value` during component render. Please ensure that you don't access the `value` property nor use `set` method of a shared value while React is rendering a component.

If you don't want to see this message, you can disable the `strict` mode. Refer to:
https://docs.swmansion.com/react-native-reanimated/docs/debugging/logger-configuration for more details.
 WARN  [Reanimated] Writing to `value` during component render. Please ensure that you don't access the `value` property nor use `set` method of a shared value while React is rendering a component.

If you don't want to see this message, you can disable the `strict` mode. Refer to:
https://docs.swmansion.com/react-native-reanimated/docs/debugging/logger-configuration for more details.
 WARN  [Reanimated] Writing to `value` during component render. Please ensure that you don't access the `value` property nor use `set` method of a shared value while React is rendering a component.

If you don't want to see this message, you can disable the `strict` mode. Refer to:
https://docs.swmansion.com/react-native-reanimated/docs/debugging/logger-configuration for more details.
 WARN  [Reanimated] Writing to `value` during component render. Please ensure that you don't access the `value` property nor use `set` method of a shared value while React is rendering a component.

If you don't want to see this message, you can disable the `strict` mode. Refer to:
https://docs.swmansion.com/react-native-reanimated/docs/debugging/logger-configuration for more details.
 WARN  [Reanimated] Writing to `value` during component render. Please ensure that you don't access the `value` property nor use `set` method of a shared value while React is rendering a component.

If you don't want to see this message, you can disable the `strict` mode. Refer to:
https://docs.swmansion.com/react-native-reanimated/docs/debugging/logger-configuration for more details.
 WARN  [Reanimated] Writing to `value` during component render. Please ensure that you don't access the `value` property nor use `set` method of a shared value while React is rendering a component.

If you don't want to see this message, you can disable the `strict` mode. Refer to:
https://docs.swmansion.com/react-native-reanimated/docs/debugging/logger-configuration for more details.
 WARN  [Reanimated] Writing to `value` during component render. Please ensure that you don't access the `value` property nor use `set` method of a shared value while React is rendering a component.

If you don't want to see this message, you can disable the `strict` mode. Refer to:
https://docs.swmansion.com/react-native-reanimated/docs/debugging/logger-configuration for more details.
 WARN  [Reanimated] Writing to `value` during component render. Please ensure that you don't access the `value` property nor use `set` method of a shared value while React is rendering a component.

If you don't want to see this message, you can disable the `strict` mode. Refer to:
https://docs.swmansion.com/react-native-reanimated/docs/debugging/logger-configuration for more details.
 WARN  [Reanimated] Writing to `value` during component render. Please ensure that you don't access the `value` property nor use `set` method of a shared value while React is rendering a component.

If you don't want to see this message, you can disable the `strict` mode. Refer to:
https://docs.swmansion.com/react-native-reanimated/docs/debugging/logger-configuration for more details.
 WARN  [Reanimated] Writing to `value` during component render. Please ensure that you don't access the `value` property nor use `set` method of a shared value while React is rendering a component.

If you don't want to see this message, you can disable the `strict` mode. Refer to:
https://docs.swmansion.com/react-native-reanimated/docs/debugging/logger-configuration for more details.
 WARN  [Reanimated] Writing to `value` during component render. Please ensure that you don't access the `value` property nor use `set` method of a shared value while React is rendering a component.

If you don't want to see this message, you can disable the `strict` mode. Refer to:
https://docs.swmansion.com/react-native-reanimated/docs/debugging/logger-configuration for more details.
 WARN  [Reanimated] Writing to `value` during component render. Please ensure that you don't access the `value` property nor use `set` method of a shared value while React is rendering a component.

If you don't want to see this message, you can disable the `strict` mode. Refer to:
https://docs.swmansion.com/react-native-reanimated/docs/debugging/logger-configuration for more details.
 WARN  [Reanimated] Writing to `value` during component render. Please ensure that you don't access the `value` property nor use `set` method of a shared value while React is rendering a component.

If you don't want to see this message, you can disable the `strict` mode. Refer to:
https://docs.swmansion.com/react-native-reanimated/docs/debugging/logger-configuration for more details.
 WARN  [Reanimated] Writing to `value` during component render. Please ensure that you don't access the `value` property nor use `set` method of a shared value while React is rendering a component.

If you don't want to see this message, you can disable the `strict` mode. Refer to:
https://docs.swmansion.com/react-native-reanimated/docs/debugging/logger-configuration for more details.
 WARN  [Reanimated] Writing to `value` during component render. Please ensure that you don't access the `value` property nor use `set` method of a shared value while React is rendering a component.

If you don't want to see this message, you can disable the `strict` mode. Refer to:
https://docs.swmansion.com/react-native-reanimated/docs/debugging/logger-configuration for more details.
 WARN  [Reanimated] Writing to `value` during component render. Please ensure that you don't access the `value` property nor use `set` method of a shared value while React is rendering a component.

If you don't want to see this message, you can disable the `strict` mode. Refer to:
https://docs.swmansion.com/react-native-reanimated/docs/debugging/logger-configuration for more details.
 WARN  [Reanimated] Writing to `value` during component render. Please ensure that you don't access the `value` property nor use `set` method of a shared value while React is rendering a component.

If you don't want to see this message, you can disable the `strict` mode. Refer to:
https://docs.swmansion.com/react-native-reanimated/docs/debugging/logger-configuration for more details.
 WARN  [Reanimated] Writing to `value` during component render. Please ensure that you don't access the `value` property nor use `set` method of a shared value while React is rendering a component.

If you don't want to see this message, you can disable the `strict` mode. Refer to:
https://docs.swmansion.com/react-native-reanimated/docs/debugging/logger-configuration for more details.
 WARN  [Reanimated] Writing to `value` during component render. Please ensure that you don't access the `value` property nor use `set` method of a shared value while React is rendering a component.

If you don't want to see this message, you can disable the `strict` mode. Refer to:
https://docs.swmansion.com/react-native-reanimated/docs/debugging/logger-configuration for more details.
 WARN  [Reanimated] Writing to `value` during component render. Please ensure that you don't access the `value` property nor use `set` method of a shared value while React is rendering a component.

If you don't want to see this message, you can disable the `strict` mode. Refer to:
https://docs.swmansion.com/react-native-reanimated/docs/debugging/logger-configuration for more details.
 WARN  [Reanimated] Writing to `value` during component render. Please ensure that you don't access the `value` property nor use `set` method of a shared value while React is rendering a component.

If you don't want to see this message, you can disable the `strict` mode. Refer to:
https://docs.swmansion.com/react-native-reanimated/docs/debugging/logger-configuration for more details.
 WARN  [Reanimated] Writing to `value` during component render. Please ensure that you don't access the `value` property nor use `set` method of a shared value while React is rendering a component.

If you don't want to see this message, you can disable the `strict` mode. Refer to:
https://docs.swmansion.com/react-native-reanimated/docs/debugging/logger-configuration for more details.
 WARN  [Reanimated] Writing to `value` during component render. Please ensure that you don't access the `value` property nor use `set` method of a shared value while React is rendering a component.

If you don't want to see this message, you can disable the `strict` mode. Refer to:
https://docs.swmansion.com/react-native-reanimated/docs/debugging/logger-configuration for more details.
 WARN  [Reanimated] Writing to `value` during component render. Please ensure that you don't access the `value` property nor use `set` method of a shared value while React is rendering a component.

If you don't want to see this message, you can disable the `strict` mode. Refer to:
https://docs.swmansion.com/react-native-reanimated/docs/debugging/logger-configuration for more details.
 WARN  [Reanimated] Writing to `value` during component render. Please ensure that you don't access the `value` property nor use `set` method of a shared value while React is rendering a component.

If you don't want to see this message, you can disable the `strict` mode. Refer to:
https://docs.swmansion.com/react-native-reanimated/docs/debugging/logger-configuration for more details.
 WARN  [Reanimated] Writing to `value` during component render. Please ensure that you don't access the `value` property nor use `set` method of a shared value while React is rendering a component.

If you don't want to see this message, you can disable the `strict` mode. Refer to:
https://docs.swmansion.com/react-native-reanimated/docs/debugging/logger-configuration for more details.
 WARN  [Reanimated] Writing to `value` during component render. Please ensure that you don't access the `value` property nor use `set` method of a shared value while React is rendering a component.

If you don't want to see this message, you can disable the `strict` mode. Refer to:
https://docs.swmansion.com/react-native-reanimated/docs/debugging/logger-configuration for more details.
 WARN  [Reanimated] Writing to `value` during component render. Please ensure that you don't access the `value` property nor use `set` method of a shared value while React is rendering a component.

If you don't want to see this message, you can disable the `strict` mode. Refer to:
https://docs.swmansion.com/react-native-reanimated/docs/debugging/logger-configuration for more details.
 WARN  [Reanimated] Writing to `value` during component render. Please ensure that you don't access the `value` property nor use `set` method of a shared value while React is rendering a component.

If you don't want to see this message, you can disable the `strict` mode. Refer to:
https://docs.swmansion.com/react-native-reanimated/docs/debugging/logger-configuration for more details.
 WARN  [Reanimated] Writing to `value` during component render. Please ensure that you don't access the `value` property nor use `set` method of a shared value while React is rendering a component.

If you don't want to see this message, you can disable the `strict` mode. Refer to:
https://docs.swmansion.com/react-native-reanimated/docs/debugging/logger-configuration for more details.
 WARN  [Reanimated] Writing to `value` during component render. Please ensure that you don't access the `value` property nor use `set` method of a shared value while React is rendering a component.

If you don't want to see this message, you can disable the `strict` mode. Refer to:
https://docs.swmansion.com/react-native-reanimated/docs/debugging/logger-configuration for more details.
 WARN  [Reanimated] Writing to `value` during component render. Please ensure that you don't access the `value` property nor use `set` method of a shared value while React is rendering a component.

If you don't want to see this message, you can disable the `strict` mode. Refer to:
https://docs.swmansion.com/react-native-reanimated/docs/debugging/logger-configuration for more details.
 WARN  [Reanimated] Writing to `value` during component render. Please ensure that you don't access the `value` property nor use `set` method of a shared value while React is rendering a component.

If you don't want to see this message, you can disable the `strict` mode. Refer to:
https://docs.swmansion.com/react-native-reanimated/docs/debugging/logger-configuration for more details.
 WARN  [Reanimated] Writing to `value` during component render. Please ensure that you don't access the `value` property nor use `set` method of a shared value while React is rendering a component.

If you don't want to see this message, you can disable the `strict` mode. Refer to:
https://docs.swmansion.com/react-native-reanimated/docs/debugging/logger-configuration for more details.
 WARN  [Reanimated] Writing to `value` during component render. Please ensure that you don't access the `value` property nor use `set` method of a shared value while React is rendering a component.

If you don't want to see this message, you can disable the `strict` mode. Refer to:
https://docs.swmansion.com/react-native-reanimated/docs/debugging/logger-configuration for more details.
 WARN  [Reanimated] Writing to `value` during component render. Please ensure that you don't access the `value` property nor use `set` method of a shared value while React is rendering a component.

If you don't want to see this message, you can disable the `strict` mode. Refer to:
https://docs.swmansion.com/react-native-reanimated/docs/debugging/logger-configuration for more details.
 WARN  [Reanimated] Writing to `value` during component render. Please ensure that you don't access the `value` property nor use `set` method of a shared value while React is rendering a component.

If you don't want to see this message, you can disable the `strict` mode. Refer to:
https://docs.swmansion.com/react-native-reanimated/docs/debugging/logger-configuration for more details.
 WARN  [Reanimated] Writing to `value` during component render. Please ensure that you don't access the `value` property nor use `set` method of a shared value while React is rendering a component.

If you don't want to see this message, you can disable the `strict` mode. Refer to:
https://docs.swmansion.com/react-native-reanimated/docs/debugging/logger-configuration for more details.
 WARN  [Reanimated] Writing to `value` during component render. Please ensure that you don't access the `value` property nor use `set` method of a shared value while React is rendering a component.

If you don't want to see this message, you can disable the `strict` mode. Refer to:
https://docs.swmansion.com/react-native-reanimated/docs/debugging/logger-configuration for more details.
 WARN  [Reanimated] Writing to `value` during component render. Please ensure that you don't access the `value` property nor use `set` method of a shared value while React is rendering a component.

If you don't want to see this message, you can disable the `strict` mode. Refer to:
https://docs.swmansion.com/react-native-reanimated/docs/debugging/logger-configuration for more details.
 WARN  [Reanimated] Writing to `value` during component render. Please ensure that you don't access the `value` property nor use `set` method of a shared value while React is rendering a component.

If you don't want to see this message, you can disable the `strict` mode. Refer to:
https://docs.swmansion.com/react-native-reanimated/docs/debugging/logger-configuration for more details.
 WARN  [Reanimated] Writing to `value` during component render. Please ensure that you don't access the `value` property nor use `set` method of a shared value while React is rendering a component.

If you don't want to see this message, you can disable the `strict` mode. Refer to:
https://docs.swmansion.com/react-native-reanimated/docs/debugging/logger-configuration for more details.
 WARN  [Reanimated] Writing to `value` during component render. Please ensure that you don't access the `value` property nor use `set` method of a shared value while React is rendering a component.

If you don't want to see this message, you can disable the `strict` mode. Refer to:
https://docs.swmansion.com/react-native-reanimated/docs/debugging/logger-configuration for more details.
 WARN  [Reanimated] Writing to `value` during component render. Please ensure that you don't access the `value` property nor use `set` method of a shared value while React is rendering a component.

If you don't want to see this message, you can disable the `strict` mode. Refer to:
https://docs.swmansion.com/react-native-reanimated/docs/debugging/logger-configuration for more details.
 WARN  [Reanimated] Writing to `value` during component render. Please ensure that you don't access the `value` property nor use `set` method of a shared value while React is rendering a component.

If you don't want to see this message, you can disable the `strict` mode. Refer to:
https://docs.swmansion.com/react-native-reanimated/docs/debugging/logger-configuration for more details.
 WARN  [Reanimated] Writing to `value` during component render. Please ensure that you don't access the `value` property nor use `set` method of a shared value while React is rendering a component.

If you don't want to see this message, you can disable the `strict` mode. Refer to:
https://docs.swmansion.com/react-native-reanimated/docs/debugging/logger-configuration for more details.
 WARN  [Reanimated] Writing to `value` during component render. Please ensure that you don't access the `value` property nor use `set` method of a shared value while React is rendering a component.

If you don't want to see this message, you can disable the `strict` mode. Refer to:
https://docs.swmansion.com/react-native-reanimated/docs/debugging/logger-configuration for more details.
 WARN  [Reanimated] Writing to `value` during component render. Please ensure that you don't access the `value` property nor use `set` method of a shared value while React is rendering a component.

If you don't want to see this message, you can disable the `strict` mode. Refer to:
https://docs.swmansion.com/react-native-reanimated/docs/debugging/logger-configuration for more details.
 WARN  [Reanimated] Writing to `value` during component render. Please ensure that you don't access the `value` property nor use `set` method of a shared value while React is rendering a component.

If you don't want to see this message, you can disable the `strict` mode. Refer to:
https://docs.swmansion.com/react-native-reanimated/docs/debugging/logger-configuration for more details.
 WARN  [Reanimated] Writing to `value` during component render. Please ensure that you don't access the `value` property nor use `set` method of a shared value while React is rendering a component.

If you don't want to see this message, you can disable the `strict` mode. Refer to:
https://docs.swmansion.com/react-native-reanimated/docs/debugging/logger-configuration for more details.
 WARN  [Reanimated] Writing to `value` during component render. Please ensure that you don't access the `value` property nor use `set` method of a shared value while React is rendering a component.

If you don't want to see this message, you can disable the `strict` mode. Refer to:
https://docs.swmansion.com/react-native-reanimated/docs/debugging/logger-configuration for more details.
 WARN  [Reanimated] Writing to `value` during component render. Please ensure that you don't access the `value` property nor use `set` method of a shared value while React is rendering a component.

If you don't want to see this message, you can disable the `strict` mode. Refer to:
https://docs.swmansion.com/react-native-reanimated/docs/debugging/logger-configuration for more details.
 WARN  [Reanimated] Writing to `value` during component render. Please ensure that you don't access the `value` property nor use `set` method of a shared value while React is rendering a component.

If you don't want to see this message, you can disable the `strict` mode. Refer to:
https://docs.swmansion.com/react-native-reanimated/docs/debugging/logger-configuration for more details.
 WARN  [Reanimated] Writing to `value` during component render. Please ensure that you don't access the `value` property nor use `set` method of a shared value while React is rendering a component.

If you don't want to see this message, you can disable the `strict` mode. Refer to:
https://docs.swmansion.com/react-native-reanimated/docs/debugging/logger-configuration for more details.
 WARN  [Reanimated] Writing to `value` during component render. Please ensure that you don't access the `value` property nor use `set` method of a shared value while React is rendering a component.

If you don't want to see this message, you can disable the `strict` mode. Refer to:
https://docs.swmansion.com/react-native-reanimated/docs/debugging/logger-configuration for more details.
 WARN  [Reanimated] Writing to `value` during component render. Please ensure that you don't access the `value` property nor use `set` method of a shared value while React is rendering a component.

If you don't want to see this message, you can disable the `strict` mode. Refer to:
https://docs.swmansion.com/react-native-reanimated/docs/debugging/logger-configuration for more details.
 WARN  [Reanimated] Writing to `value` during component render. Please ensure that you don't access the `value` property nor use `set` method of a shared value while React is rendering a component.

If you don't want to see this message, you can disable the `strict` mode. Refer to:
https://docs.swmansion.com/react-native-reanimated/docs/debugging/logger-configuration for more details.
 WARN  [Reanimated] Writing to `value` during component render. Please ensure that you don't access the `value` property nor use `set` method of a shared value while React is rendering a component.

If you don't want to see this message, you can disable the `strict` mode. Refer to:
https://docs.swmansion.com/react-native-reanimated/docs/debugging/logger-configuration for more details.
 WARN  [Reanimated] Writing to `value` during component render. Please ensure that you don't access the `value` property nor use `set` method of a shared value while React is rendering a component.

If you don't want to see this message, you can disable the `strict` mode. Refer to:
https://docs.swmansion.com/react-native-reanimated/docs/debugging/logger-configuration for more details.
 WARN  [Reanimated] Writing to `value` during component render. Please ensure that you don't access the `value` property nor use `set` method of a shared value while React is rendering a component.

If you don't want to see this message, you can disable the `strict` mode. Refer to:
https://docs.swmansion.com/react-native-reanimated/docs/debugging/logger-configuration for more details.
 WARN  [Reanimated] Writing to `value` during component render. Please ensure that you don't access the `value` property nor use `set` method of a shared value while React is rendering a component.

If you don't want to see this message, you can disable the `strict` mode. Refer to:
https://docs.swmansion.com/react-native-reanimated/docs/debugging/logger-configuration for more details.
 WARN  [Reanimated] Writing to `value` during component render. Please ensure that you don't access the `value` property nor use `set` method of a shared value while React is rendering a component.

If you don't want to see this message, you can disable the `strict` mode. Refer to:
https://docs.swmansion.com/react-native-reanimated/docs/debugging/logger-configuration for more details.
 WARN  [Reanimated] Writing to `value` during component render. Please ensure that you don't access the `value` property nor use `set` method of a shared value while React is rendering a component.

If you don't want to see this message, you can disable the `strict` mode. Refer to:
https://docs.swmansion.com/react-native-reanimated/docs/debugging/logger-configuration for more details.
 WARN  [Reanimated] Writing to `value` during component render. Please ensure that you don't access the `value` property nor use `set` method of a shared value while React is rendering a component.

If you don't want to see this message, you can disable the `strict` mode. Refer to:
https://docs.swmansion.com/react-native-reanimated/docs/debugging/logger-configuration for more details.
 WARN  [Reanimated] Writing to `value` during component render. Please ensure that you don't access the `value` property nor use `set` method of a shared value while React is rendering a component.

If you don't want to see this message, you can disable the `strict` mode. Refer to:
https://docs.swmansion.com/react-native-reanimated/docs/debugging/logger-configuration for more details.
 WARN  [Reanimated] Writing to `value` during component render. Please ensure that you don't access the `value` property nor use `set` method of a shared value while React is rendering a component.

If you don't want to see this message, you can disable the `strict` mode. Refer to:
https://docs.swmansion.com/react-native-reanimated/docs/debugging/logger-configuration for more details.
 WARN  [Reanimated] Writing to `value` during component render. Please ensure that you don't access the `value` property nor use `set` method of a shared value while React is rendering a component.

If you don't want to see this message, you can disable the `strict` mode. Refer to:
https://docs.swmansion.com/react-native-reanimated/docs/debugging/logger-configuration for more details.
 WARN  [Reanimated] Writing to `value` during component render. Please ensure that you don't access the `value` property nor use `set` method of a shared value while React is rendering a component.

If you don't want to see this message, you can disable the `strict` mode. Refer to:
https://docs.swmansion.com/react-native-reanimated/docs/debugging/logger-configuration for more details.
 WARN  [Reanimated] Writing to `value` during component render. Please ensure that you don't access the `value` property nor use `set` method of a shared value while React is rendering a component.

If you don't want to see this message, you can disable the `strict` mode. Refer to:
https://docs.swmansion.com/react-native-reanimated/docs/debugging/logger-configuration for more details.
 WARN  [Reanimated] Writing to `value` during component render. Please ensure that you don't access the `value` property nor use `set` method of a shared value while React is rendering a component.

If you don't want to see this message, you can disable the `strict` mode. Refer to:
https://docs.swmansion.com/react-native-reanimated/docs/debugging/logger-configuration for more details.
 WARN  [Reanimated] Writing to `value` during component render. Please ensure that you don't access the `value` property nor use `set` method of a shared value while React is rendering a component.

If you don't want to see this message, you can disable the `strict` mode. Refer to:
https://docs.swmansion.com/react-native-reanimated/docs/debugging/logger-configuration for more details.
 WARN  [Reanimated] Writing to `value` during component render. Please ensure that you don't access the `value` property nor use `set` method of a shared value while React is rendering a component.

If you don't want to see this message, you can disable the `strict` mode. Refer to:
https://docs.swmansion.com/react-native-reanimated/docs/debugging/logger-configuration for more details.
 WARN  [Reanimated] Writing to `value` during component render. Please ensure that you don't access the `value` property nor use `set` method of a shared value while React is rendering a component.

If you don't want to see this message, you can disable the `strict` mode. Refer to:
https://docs.swmansion.com/react-native-reanimated/docs/debugging/logger-configuration for more details.
 WARN  [Reanimated] Writing to `value` during component render. Please ensure that you don't access the `value` property nor use `set` method of a shared value while React is rendering a component.

If you don't want to see this message, you can disable the `strict` mode. Refer to:
https://docs.swmansion.com/react-native-reanimated/docs/debugging/logger-configuration for more details.
 WARN  [Reanimated] Writing to `value` during component render. Please ensure that you don't access the `value` property nor use `set` method of a shared value while React is rendering a component.

If you don't want to see this message, you can disable the `strict` mode. Refer to:
https://docs.swmansion.com/react-native-reanimated/docs/debugging/logger-configuration for more details.
 WARN  [Reanimated] Writing to `value` during component render. Please ensure that you don't access the `value` property nor use `set` method of a shared value while React is rendering a component.

If you don't want to see this message, you can disable the `strict` mode. Refer to:
https://docs.swmansion.com/react-native-reanimated/docs/debugging/logger-configuration for more details.
 WARN  [Reanimated] Writing to `value` during component render. Please ensure that you don't access the `value` property nor use `set` method of a shared value while React is rendering a component.

If you don't want to see this message, you can disable the `strict` mode. Refer to:
https://docs.swmansion.com/react-native-reanimated/docs/debugging/logger-configuration for more details.
 WARN  [Reanimated] Writing to `value` during component render. Please ensure that you don't access the `value` property nor use `set` method of a shared value while React is rendering a component.

If you don't want to see this message, you can disable the `strict` mode. Refer to:
https://docs.swmansion.com/react-native-reanimated/docs/debugging/logger-configuration for more details.
 WARN  [Reanimated] Writing to `value` during component render. Please ensure that you don't access the `value` property nor use `set` method of a shared value while React is rendering a component.

If you don't want to see this message, you can disable the `strict` mode. Refer to:
https://docs.swmansion.com/react-native-reanimated/docs/debugging/logger-configuration for more details.
 WARN  [Reanimated] Writing to `value` during component render. Please ensure that you don't access the `value` property nor use `set` method of a shared value while React is rendering a component.

If you don't want to see this message, you can disable the `strict` mode. Refer to:
https://docs.swmansion.com/react-native-reanimated/docs/debugging/logger-configuration for more details.
 WARN  [Reanimated] Writing to `value` during component render. Please ensure that you don't access the `value` property nor use `set` method of a shared value while React is rendering a component.

If you don't want to see this message, you can disable the `strict` mode. Refer to:
https://docs.swmansion.com/react-native-reanimated/docs/debugging/logger-configuration for more details.
 WARN  [Reanimated] Writing to `value` during component render. Please ensure that you don't access the `value` property nor use `set` method of a shared value while React is rendering a component.

If you don't want to see this message, you can disable the `strict` mode. Refer to:
https://docs.swmansion.com/react-native-reanimated/docs/debugging/logger-configuration for more details.
 WARN  [Reanimated] Writing to `value` during component render. Please ensure that you don't access the `value` property nor use `set` method of a shared value while React is rendering a component.

If you don't want to see this message, you can disable the `strict` mode. Refer to:
https://docs.swmansion.com/react-native-reanimated/docs/debugging/logger-configuration for more details.
 WARN  [Reanimated] Writing to `value` during component render. Please ensure that you don't access the `value` property nor use `set` method of a shared value while React is rendering a component.

If you don't want to see this message, you can disable the `strict` mode. Refer to:
https://docs.swmansion.com/react-native-reanimated/docs/debugging/logger-configuration for more details.
 WARN  [Reanimated] Writing to `value` during component render. Please ensure that you don't access the `value` property nor use `set` method of a shared value while React is rendering a component.

If you don't want to see this message, you can disable the `strict` mode. Refer to:
https://docs.swmansion.com/react-native-reanimated/docs/debugging/logger-configuration for more details.
 WARN  [Reanimated] Writing to `value` during component render. Please ensure that you don't access the `value` property nor use `set` method of a shared value while React is rendering a component.

If you don't want to see this message, you can disable the `strict` mode. Refer to:
https://docs.swmansion.com/react-native-reanimated/docs/debugging/logger-configuration for more details.
 WARN  [Reanimated] Writing to `value` during component render. Please ensure that you don't access the `value` property nor use `set` method of a shared value while React is rendering a component.

If you don't want to see this message, you can disable the `strict` mode. Refer to:
https://docs.swmansion.com/react-native-reanimated/docs/debugging/logger-configuration for more details.
 WARN  [Reanimated] Writing to `value` during component render. Please ensure that you don't access the `value` property nor use `set` method of a shared value while React is rendering a component.

If you don't want to see this message, you can disable the `strict` mode. Refer to:
https://docs.swmansion.com/react-native-reanimated/docs/debugging/logger-configuration for more details.
 WARN  [Reanimated] Writing to `value` during component render. Please ensure that you don't access the `value` property nor use `set` method of a shared value while React is rendering a component.

If you don't want to see this message, you can disable the `strict` mode. Refer to:
https://docs.swmansion.com/react-native-reanimated/docs/debugging/logger-configuration for more details.
 WARN  [Reanimated] Writing to `value` during component render. Please ensure that you don't access the `value` property nor use `set` method of a shared value while React is rendering a component.

If you don't want to see this message, you can disable the `strict` mode. Refer to:
https://docs.swmansion.com/react-native-reanimated/docs/debugging/logger-configuration for more details.
 WARN  [Reanimated] Writing to `value` during component render. Please ensure that you don't access the `value` property nor use `set` method of a shared value while React is rendering a component.

If you don't want to see this message, you can disable the `strict` mode. Refer to:
https://docs.swmansion.com/react-native-reanimated/docs/debugging/logger-configuration for more details.
 WARN  [Reanimated] Writing to `value` during component render. Please ensure that you don't access the `value` property nor use `set` method of a shared value while React is rendering a component.

If you don't want to see this message, you can disable the `strict` mode. Refer to:
https://docs.swmansion.com/react-native-reanimated/docs/debugging/logger-configuration for more details.
 WARN  [Reanimated] Writing to `value` during component render. Please ensure that you don't access the `value` property nor use `set` method of a shared value while React is rendering a component.

If you don't want to see this message, you can disable the `strict` mode. Refer to:
https://docs.swmansion.com/react-native-reanimated/docs/debugging/logger-configuration for more details.
 WARN  [Reanimated] Writing to `value` during component render. Please ensure that you don't access the `value` property nor use `set` method of a shared value while React is rendering a component.

If you don't want to see this message, you can disable the `strict` mode. Refer to:
https://docs.swmansion.com/react-native-reanimated/docs/debugging/logger-configuration for more details.
 WARN  [Reanimated] Writing to `value` during component render. Please ensure that you don't access the `value` property nor use `set` method of a shared value while React is rendering a component.

If you don't want to see this message, you can disable the `strict` mode. Refer to:
https://docs.swmansion.com/react-native-reanimated/docs/debugging/logger-configuration for more details.
 WARN  [Reanimated] Writing to `value` during component render. Please ensure that you don't access the `value` property nor use `set` method of a shared value while React is rendering a component.

If you don't want to see this message, you can disable the `strict` mode. Refer to:
https://docs.swmansion.com/react-native-reanimated/docs/debugging/logger-configuration for more details.
 WARN  [Reanimated] Writing to `value` during component render. Please ensure that you don't access the `value` property nor use `set` method of a shared value while React is rendering a component.

If you don't want to see this message, you can disable the `strict` mode. Refer to:
https://docs.swmansion.com/react-native-reanimated/docs/debugging/logger-configuration for more details.
 WARN  [Reanimated] Writing to `value` during component render. Please ensure that you don't access the `value` property nor use `set` method of a shared value while React is rendering a component.

If you don't want to see this message, you can disable the `strict` mode. Refer to:
https://docs.swmansion.com/react-native-reanimated/docs/debugging/logger-configuration for more details.
 WARN  [Reanimated] Writing to `value` during component render. Please ensure that you don't access the `value` property nor use `set` method of a shared value while React is rendering a component.

If you don't want to see this message, you can disable the `strict` mode. Refer to:
https://docs.swmansion.com/react-native-reanimated/docs/debugging/logger-configuration for more details.
 WARN  [Reanimated] Writing to `value` during component render. Please ensure that you don't access the `value` property nor use `set` method of a shared value while React is rendering a component.

If you don't want to see this message, you can disable the `strict` mode. Refer to:
https://docs.swmansion.com/react-native-reanimated/docs/debugging/logger-configuration for more details.
 WARN  [Reanimated] Writing to `value` during component render. Please ensure that you don't access the `value` property nor use `set` method of a shared value while React is rendering a component.

If you don't want to see this message, you can disable the `strict` mode. Refer to:
https://docs.swmansion.com/react-native-reanimated/docs/debugging/logger-configuration for more details.
 WARN  [Reanimated] Writing to `value` during component render. Please ensure that you don't access the `value` property nor use `set` method of a shared value while React is rendering a component.

If you don't want to see this message, you can disable the `strict` mode. Refer to:
https://docs.swmansion.com/react-native-reanimated/docs/debugging/logger-configuration for more details.
 WARN  [Reanimated] Writing to `value` during component render. Please ensure that you don't access the `value` property nor use `set` method of a shared value while React is rendering a component.

If you don't want to see this message, you can disable the `strict` mode. Refer to:
https://docs.swmansion.com/react-native-reanimated/docs/debugging/logger-configuration for more details.
 WARN  [Reanimated] Writing to `value` during component render. Please ensure that you don't access the `value` property nor use `set` method of a shared value while React is rendering a component.

If you don't want to see this message, you can disable the `strict` mode. Refer to:
https://docs.swmansion.com/react-native-reanimated/docs/debugging/logger-configuration for more details.
 WARN  [Reanimated] Writing to `value` during component render. Please ensure that you don't access the `value` property nor use `set` method of a shared value while React is rendering a component.

If you don't want to see this message, you can disable the `strict` mode. Refer to:
https://docs.swmansion.com/react-native-reanimated/docs/debugging/logger-configuration for more details.
 WARN  [Reanimated] Writing to `value` during component render. Please ensure that you don't access the `value` property nor use `set` method of a shared value while React is rendering a component.

If you don't want to see this message, you can disable the `strict` mode. Refer to:
https://docs.swmansion.com/react-native-reanimated/docs/debugging/logger-configuration for more details.
 WARN  [Reanimated] Writing to `value` during component render. Please ensure that you don't access the `value` property nor use `set` method of a shared value while React is rendering a component.

If you don't want to see this message, you can disable the `strict` mode. Refer to:
https://docs.swmansion.com/react-native-reanimated/docs/debugging/logger-configuration for more details.
 WARN  [Reanimated] Writing to `value` during component render. Please ensure that you don't access the `value` property nor use `set` method of a shared value while React is rendering a component.

If you don't want to see this message, you can disable the `strict` mode. Refer to:
https://docs.swmansion.com/react-native-reanimated/docs/debugging/logger-configuration for more details.
 WARN  [Reanimated] Writing to `value` during component render. Please ensure that you don't access the `value` property nor use `set` method of a shared value while React is rendering a component.

If you don't want to see this message, you can disable the `strict` mode. Refer to:
https://docs.swmansion.com/react-native-reanimated/docs/debugging/logger-configuration for more details.
 WARN  [Reanimated] Writing to `value` during component render. Please ensure that you don't access the `value` property nor use `set` method of a shared value while React is rendering a component.

If you don't want to see this message, you can disable the `strict` mode. Refer to:
https://docs.swmansion.com/react-native-reanimated/docs/debugging/logger-configuration for more details.
 WARN  [Reanimated] Writing to `value` during component render. Please ensure that you don't access the `value` property nor use `set` method of a shared value while React is rendering a component.

If you don't want to see this message, you can disable the `strict` mode. Refer to:
https://docs.swmansion.com/react-native-reanimated/docs/debugging/logger-configuration for more details.
 WARN  [Reanimated] Writing to `value` during component render. Please ensure that you don't access the `value` property nor use `set` method of a shared value while React is rendering a component.

If you don't want to see this message, you can disable the `strict` mode. Refer to:
https://docs.swmansion.com/react-native-reanimated/docs/debugging/logger-configuration for more details.
 WARN  [Reanimated] Writing to `value` during component render. Please ensure that you don't access the `value` property nor use `set` method of a shared value while React is rendering a component.

If you don't want to see this message, you can disable the `strict` mode. Refer to:
https://docs.swmansion.com/react-native-reanimated/docs/debugging/logger-configuration for more details.
 WARN  [Reanimated] Writing to `value` during component render. Please ensure that you don't access the `value` property nor use `set` method of a shared value while React is rendering a component.

If you don't want to see this message, you can disable the `strict` mode. Refer to:
https://docs.swmansion.com/react-native-reanimated/docs/debugging/logger-configuration for more details.
 WARN  [Reanimated] Writing to `value` during component render. Please ensure that you don't access the `value` property nor use `set` method of a shared value while React is rendering a component.

If you don't want to see this message, you can disable the `strict` mode. Refer to:
https://docs.swmansion.com/react-native-reanimated/docs/debugging/logger-configuration for more details.
 WARN  [Reanimated] Writing to `value` during component render. Please ensure that you don't access the `value` property nor use `set` method of a shared value while React is rendering a component.

If you don't want to see this message, you can disable the `strict` mode. Refer to:
https://docs.swmansion.com/react-native-reanimated/docs/debugging/logger-configuration for more details.
 WARN  [Reanimated] Writing to `value` during component render. Please ensure that you don't access the `value` property nor use `set` method of a shared value while React is rendering a component.

If you don't want to see this message, you can disable the `strict` mode. Refer to:
https://docs.swmansion.com/react-native-reanimated/docs/debugging/logger-configuration for more details.
 WARN  [Reanimated] Writing to `value` during component render. Please ensure that you don't access the `value` property nor use `set` method of a shared value while React is rendering a component.

If you don't want to see this message, you can disable the `strict` mode. Refer to:
https://docs.swmansion.com/react-native-reanimated/docs/debugging/logger-configuration for more details.
 WARN  [Reanimated] Writing to `value` during component render. Please ensure that you don't access the `value` property nor use `set` method of a shared value while React is rendering a component.

If you don't want to see this message, you can disable the `strict` mode. Refer to:
https://docs.swmansion.com/react-native-reanimated/docs/debugging/logger-configuration for more details.
 WARN  [Reanimated] Writing to `value` during component render. Please ensure that you don't access the `value` property nor use `set` method of a shared value while React is rendering a component.

If you don't want to see this message, you can disable the `strict` mode. Refer to:
https://docs.swmansion.com/react-native-reanimated/docs/debugging/logger-configuration for more details.
 WARN  [Reanimated] Writing to `value` during component render. Please ensure that you don't access the `value` property nor use `set` method of a shared value while React is rendering a component.

If you don't want to see this message, you can disable the `strict` mode. Refer to:
https://docs.swmansion.com/react-native-reanimated/docs/debugging/logger-configuration for more details.
 WARN  [Reanimated] Writing to `value` during component render. Please ensure that you don't access the `value` property nor use `set` method of a shared value while React is rendering a component.

If you don't want to see this message, you can disable the `strict` mode. Refer to:
https://docs.swmansion.com/react-native-reanimated/docs/debugging/logger-configuration for more details.
 WARN  [Reanimated] Writing to `value` during component render. Please ensure that you don't access the `value` property nor use `set` method of a shared value while React is rendering a component.

If you don't want to see this message, you can disable the `strict` mode. Refer to:
https://docs.swmansion.com/react-native-reanimated/docs/debugging/logger-configuration for more details.
 WARN  [Reanimated] Writing to `value` during component render. Please ensure that you don't access the `value` property nor use `set` method of a shared value while React is rendering a component.

If you don't want to see this message, you can disable the `strict` mode. Refer to:
https://docs.swmansion.com/react-native-reanimated/docs/debugging/logger-configuration for more details.
 WARN  [Reanimated] Writing to `value` during component render. Please ensure that you don't access the `value` property nor use `set` method of a shared value while React is rendering a component.

If you don't want to see this message, you can disable the `strict` mode. Refer to:
https://docs.swmansion.com/react-native-reanimated/docs/debugging/logger-configuration for more details.
 WARN  [Reanimated] Writing to `value` during component render. Please ensure that you don't access the `value` property nor use `set` method of a shared value while React is rendering a component.

If you don't want to see this message, you can disable the `strict` mode. Refer to:
https://docs.swmansion.com/react-native-reanimated/docs/debugging/logger-configuration for more details.
 WARN  [Reanimated] Writing to `value` during component render. Please ensure that you don't access the `value` property nor use `set` method of a shared value while React is rendering a component.

If you don't want to see this message, you can disable the `strict` mode. Refer to:
https://docs.swmansion.com/react-native-reanimated/docs/debugging/logger-configuration for more details.
 WARN  [Reanimated] Writing to `value` during component render. Please ensure that you don't access the `value` property nor use `set` method of a shared value while React is rendering a component.

If you don't want to see this message, you can disable the `strict` mode. Refer to:
https://docs.swmansion.com/react-native-reanimated/docs/debugging/logger-configuration for more details.
 WARN  [Reanimated] Writing to `value` during component render. Please ensure that you don't access the `value` property nor use `set` method of a shared value while React is rendering a component.

If you don't want to see this message, you can disable the `strict` mode. Refer to:
https://docs.swmansion.com/react-native-reanimated/docs/debugging/logger-configuration for more details.
 WARN  [Reanimated] Writing to `value` during component render. Please ensure that you don't access the `value` property nor use `set` method of a shared value while React is rendering a component.

If you don't want to see this message, you can disable the `strict` mode. Refer to:
https://docs.swmansion.com/react-native-reanimated/docs/debugging/logger-configuration for more details.
 WARN  [Reanimated] Writing to `value` during component render. Please ensure that you don't access the `value` property nor use `set` method of a shared value while React is rendering a component.

If you don't want to see this message, you can disable the `strict` mode. Refer to:
https://docs.swmansion.com/react-native-reanimated/docs/debugging/logger-configuration for more details.
 WARN  [Reanimated] Writing to `value` during component render. Please ensure that you don't access the `value` property nor use `set` method of a shared value while React is rendering a component.

If you don't want to see this message, you can disable the `strict` mode. Refer to:
https://docs.swmansion.com/react-native-reanimated/docs/debugging/logger-configuration for more details.
 WARN  [Reanimated] Writing to `value` during component render. Please ensure that you don't access the `value` property nor use `set` method of a shared value while React is rendering a component.

If you don't want to see this message, you can disable the `strict` mode. Refer to:
https://docs.swmansion.com/react-native-reanimated/docs/debugging/logger-configuration for more details.
 WARN  [Layout children]: No route named "messages" exists in nested children: ["bookings", "index", "market", "wallet"]
 ERROR  [Error: Cannot find native module 'ExpoDocumentPicker']
C:\Users\wjose\source\repos\stylists-center\apps\mobile:
 ERR_PNPM_RECURSIVE_RUN_FIRST_FAIL  @sc/mobile@0.0.0 start: `expo start --dev-client "--lan"`
Exit status 4294967295
