env: load .env
env: export EXPO_PUBLIC_API_URL EXPO_PUBLIC_MAP_ENGINE EXPO_PUBLIC_MAP_TILE_URL
Starting project at C:\Users\wjose\source\repos\stylists-center\apps\mobile
Logs: C:\Users\wjose\source\repos\stylists-center\apps\mobile\.expo\dev\logs\start.log
Expo Autolinking module resolution enabled
 ERROR  An unknown error occurred while installing React Native DevTools. Details:

spawn EPERM
Starting Metro Bundler

Waiting on http://localhost:8081

Logs for your project will appear below.
Android Bundled 13091ms node_modules\expo-router\entry.js (4617 modules)
Android Bundled 17639ms node_modules\expo-router\entry.js (1 module)
 WARN  The package C:\Users\wjose\source\repos\stylists-center\node_modules\whatwg-url-minimum contains an invalid package.json configuration. Consider raising this issue with the package maintainer(s).
Reason: The resolution for "C:\Users\wjose\source\repos\stylists-center\node_modules\whatwg-url-minimum" defined in "exports" is C:\Users\wjose\source\repos\stylists-center\node_modules\whatwg-url-minimum\dist\whatwg-url-minimum.mjs, however this file does not exist. Falling back to file-based resolution.
 WARN  [Reanimated] Writing to `value` during component render. Please ensure that you don't access the `value` property nor use `set` method of a shared value while React is rendering a component.

If you don't want to see this message, you can disable the `strict` mode. Refer to:
https://docs.swmansion.com/react-native-reanimated/docs/debugging/logger-configuration for more details.
 WARN  [Reanimated] Writing to `value` during component render. Please ensure that you don't access the `value` property nor use `set` method of a shared value while React is rendering a component.

If you don't want to see this message, you can disable the `strict` mode. Refer to:
https://docs.swmansion.com/react-native-reanimated/docs/debugging/logger-configuration for more details.
 WARN  [Reanimated] Writing to `value` during component render. Please ensure that you don't access the `value` property nor use `set` method of a shared value while React is rendering a component.

If you don't want to see this message, you can disable the `strict` mode. Refer to:
https://docs.swmansion.com/react-native-reanimated/docs/debugging/logger-configuration for more details.
 WARN  [Reanimated] Writing to `value` during component render. Please ensure that you don't access the `value` property nor use `set` method of a shared value while React is rendering a component.

If you don't want to see this message, you can disable the `strict` mode. Refer to:
https://docs.swmansion.com/react-native-reanimated/docs/debugging/logger-configuration for more details.
 WARN  [Reanimated] Writing to `value` during component render. Please ensure that you don't access the `value` property nor use `set` method of a shared value while React is rendering a component.

If you don't want to see this message, you can disable the `strict` mode. Refer to:
https://docs.swmansion.com/react-native-reanimated/docs/debugging/logger-configuration for more details.
 WARN  [Reanimated] Writing to `value` during component render. Please ensure that you don't access the `value` property nor use `set` method of a shared value while React is rendering a component.

If you don't want to see this message, you can disable the `strict` mode. Refer to:
https://docs.swmansion.com/react-native-reanimated/docs/debugging/logger-configuration for more details.
 WARN  [Reanimated] Writing to `value` during component render. Please ensure that you don't access the `value` property nor use `set` method of a shared value while React is rendering a component.

If you don't want to see this message, you can disable the `strict` mode. Refer to:
https://docs.swmansion.com/react-native-reanimated/docs/debugging/logger-configuration for more details.
 WARN  [Reanimated] Writing to `value` during component render. Please ensure that you don't access the `value` property nor use `set` method of a shared value while React is rendering a component.

If you don't want to see this message, you can disable the `strict` mode. Refer to:
https://docs.swmansion.com/react-native-reanimated/docs/debugging/logger-configuration for more details.
 WARN  [Reanimated] Writing to `value` during component render. Please ensure that you don't access the `value` property nor use `set` method of a shared value while React is rendering a component.

If you don't want to see this message, you can disable the `strict` mode. Refer to:
https://docs.swmansion.com/react-native-reanimated/docs/debugging/logger-configuration for more details.
 WARN  [Reanimated] Writing to `value` during component render. Please ensure that you don't access the `value` property nor use `set` method of a shared value while React is rendering a component.

If you don't want to see this message, you can disable the `strict` mode. Refer to:
https://docs.swmansion.com/react-native-reanimated/docs/debugging/logger-configuration for more details.
 WARN  [Reanimated] Writing to `value` during component render. Please ensure that you don't access the `value` property nor use `set` method of a shared value while React is rendering a component.

If you don't want to see this message, you can disable the `strict` mode. Refer to:
https://docs.swmansion.com/react-native-reanimated/docs/debugging/logger-configuration for more details.
 WARN  [Reanimated] Writing to `value` during component render. Please ensure that you don't access the `value` property nor use `set` method of a shared value while React is rendering a component.

If you don't want to see this message, you can disable the `strict` mode. Refer to:
https://docs.swmansion.com/react-native-reanimated/docs/debugging/logger-configuration for more details.
 WARN  [Reanimated] Writing to `value` during component render. Please ensure that you don't access the `value` property nor use `set` method of a shared value while React is rendering a component.

If you don't want to see this message, you can disable the `strict` mode. Refer to:
https://docs.swmansion.com/react-native-reanimated/docs/debugging/logger-configuration for more details.
 WARN  [Reanimated] Writing to `value` during component render. Please ensure that you don't access the `value` property nor use `set` method of a shared value while React is rendering a component.

If you don't want to see this message, you can disable the `strict` mode. Refer to:
https://docs.swmansion.com/react-native-reanimated/docs/debugging/logger-configuration for more details.
 WARN  [Reanimated] Writing to `value` during component render. Please ensure that you don't access the `value` property nor use `set` method of a shared value while React is rendering a component.

If you don't want to see this message, you can disable the `strict` mode. Refer to:
https://docs.swmansion.com/react-native-reanimated/docs/debugging/logger-configuration for more details.
 WARN  [Reanimated] Writing to `value` during component render. Please ensure that you don't access the `value` property nor use `set` method of a shared value while React is rendering a component.

If you don't want to see this message, you can disable the `strict` mode. Refer to:
https://docs.swmansion.com/react-native-reanimated/docs/debugging/logger-configuration for more details.
 WARN  [Reanimated] Writing to `value` during component render. Please ensure that you don't access the `value` property nor use `set` method of a shared value while React is rendering a component.

If you don't want to see this message, you can disable the `strict` mode. Refer to:
https://docs.swmansion.com/react-native-reanimated/docs/debugging/logger-configuration for more details.
 WARN  [Reanimated] Writing to `value` during component render. Please ensure that you don't access the `value` property nor use `set` method of a shared value while React is rendering a component.

If you don't want to see this message, you can disable the `strict` mode. Refer to:
https://docs.swmansion.com/react-native-reanimated/docs/debugging/logger-configuration for more details.
 WARN  [Reanimated] Writing to `value` during component render. Please ensure that you don't access the `value` property nor use `set` method of a shared value while React is rendering a component.

If you don't want to see this message, you can disable the `strict` mode. Refer to:
https://docs.swmansion.com/react-native-reanimated/docs/debugging/logger-configuration for more details.
 WARN  [Reanimated] Writing to `value` during component render. Please ensure that you don't access the `value` property nor use `set` method of a shared value while React is rendering a component.

If you don't want to see this message, you can disable the `strict` mode. Refer to:
https://docs.swmansion.com/react-native-reanimated/docs/debugging/logger-configuration for more details.
 WARN  [Reanimated] Writing to `value` during component render. Please ensure that you don't access the `value` property nor use `set` method of a shared value while React is rendering a component.

If you don't want to see this message, you can disable the `strict` mode. Refer to:
https://docs.swmansion.com/react-native-reanimated/docs/debugging/logger-configuration for more details.
 WARN  [Reanimated] Writing to `value` during component render. Please ensure that you don't access the `value` property nor use `set` method of a shared value while React is rendering a component.

If you don't want to see this message, you can disable the `strict` mode. Refer to:
https://docs.swmansion.com/react-native-reanimated/docs/debugging/logger-configuration for more details.
 WARN  [Reanimated] Writing to `value` during component render. Please ensure that you don't access the `value` property nor use `set` method of a shared value while React is rendering a component.

If you don't want to see this message, you can disable the `strict` mode. Refer to:
https://docs.swmansion.com/react-native-reanimated/docs/debugging/logger-configuration for more details.
 WARN  [Reanimated] Writing to `value` during component render. Please ensure that you don't access the `value` property nor use `set` method of a shared value while React is rendering a component.

If you don't want to see this message, you can disable the `strict` mode. Refer to:
https://docs.swmansion.com/react-native-reanimated/docs/debugging/logger-configuration for more details.
 WARN  [Reanimated] Writing to `value` during component render. Please ensure that you don't access the `value` property nor use `set` method of a shared value while React is rendering a component.

If you don't want to see this message, you can disable the `strict` mode. Refer to:
https://docs.swmansion.com/react-native-reanimated/docs/debugging/logger-configuration for more details.
 WARN  [Reanimated] Writing to `value` during component render. Please ensure that you don't access the `value` property nor use `set` method of a shared value while React is rendering a component.

If you don't want to see this message, you can disable the `strict` mode. Refer to:
https://docs.swmansion.com/react-native-reanimated/docs/debugging/logger-configuration for more details.
 WARN  [Reanimated] Writing to `value` during component render. Please ensure that you don't access the `value` property nor use `set` method of a shared value while React is rendering a component.

If you don't want to see this message, you can disable the `strict` mode. Refer to:
https://docs.swmansion.com/react-native-reanimated/docs/debugging/logger-configuration for more details.
 WARN  [Reanimated] Writing to `value` during component render. Please ensure that you don't access the `value` property nor use `set` method of a shared value while React is rendering a component.

If you don't want to see this message, you can disable the `strict` mode. Refer to:
https://docs.swmansion.com/react-native-reanimated/docs/debugging/logger-configuration for more details.
 WARN  [Reanimated] Writing to `value` during component render. Please ensure that you don't access the `value` property nor use `set` method of a shared value while React is rendering a component.

If you don't want to see this message, you can disable the `strict` mode. Refer to:
https://docs.swmansion.com/react-native-reanimated/docs/debugging/logger-configuration for more details.
 WARN  [Reanimated] Writing to `value` during component render. Please ensure that you don't access the `value` property nor use `set` method of a shared value while React is rendering a component.

If you don't want to see this message, you can disable the `strict` mode. Refer to:
https://docs.swmansion.com/react-native-reanimated/docs/debugging/logger-configuration for more details.
 WARN  [Reanimated] Writing to `value` during component render. Please ensure that you don't access the `value` property nor use `set` method of a shared value while React is rendering a component.

If you don't want to see this message, you can disable the `strict` mode. Refer to:
https://docs.swmansion.com/react-native-reanimated/docs/debugging/logger-configuration for more details.
 WARN  [Reanimated] Writing to `value` during component render. Please ensure that you don't access the `value` property nor use `set` method of a shared value while React is rendering a component.

If you don't want to see this message, you can disable the `strict` mode. Refer to:
https://docs.swmansion.com/react-native-reanimated/docs/debugging/logger-configuration for more details.
 WARN  [Reanimated] Writing to `value` during component render. Please ensure that you don't access the `value` property nor use `set` method of a shared value while React is rendering a component.

If you don't want to see this message, you can disable the `strict` mode. Refer to:
https://docs.swmansion.com/react-native-reanimated/docs/debugging/logger-configuration for more details.
 WARN  [Reanimated] Writing to `value` during component render. Please ensure that you don't access the `value` property nor use `set` method of a shared value while React is rendering a component.

If you don't want to see this message, you can disable the `strict` mode. Refer to:
https://docs.swmansion.com/react-native-reanimated/docs/debugging/logger-configuration for more details.
 WARN  [Reanimated] Writing to `value` during component render. Please ensure that you don't access the `value` property nor use `set` method of a shared value while React is rendering a component.

If you don't want to see this message, you can disable the `strict` mode. Refer to:
https://docs.swmansion.com/react-native-reanimated/docs/debugging/logger-configuration for more details.
 WARN  [Reanimated] Writing to `value` during component render. Please ensure that you don't access the `value` property nor use `set` method of a shared value while React is rendering a component.

If you don't want to see this message, you can disable the `strict` mode. Refer to:
https://docs.swmansion.com/react-native-reanimated/docs/debugging/logger-configuration for more details.
 WARN  [Reanimated] Writing to `value` during component render. Please ensure that you don't access the `value` property nor use `set` method of a shared value while React is rendering a component.

If you don't want to see this message, you can disable the `strict` mode. Refer to:
https://docs.swmansion.com/react-native-reanimated/docs/debugging/logger-configuration for more details.
 WARN  [Reanimated] Writing to `value` during component render. Please ensure that you don't access the `value` property nor use `set` method of a shared value while React is rendering a component.

If you don't want to see this message, you can disable the `strict` mode. Refer to:
https://docs.swmansion.com/react-native-reanimated/docs/debugging/logger-configuration for more details.
 WARN  [Reanimated] Writing to `value` during component render. Please ensure that you don't access the `value` property nor use `set` method of a shared value while React is rendering a component.

If you don't want to see this message, you can disable the `strict` mode. Refer to:
https://docs.swmansion.com/react-native-reanimated/docs/debugging/logger-configuration for more details.
 WARN  [Reanimated] Writing to `value` during component render. Please ensure that you don't access the `value` property nor use `set` method of a shared value while React is rendering a component.

If you don't want to see this message, you can disable the `strict` mode. Refer to:
https://docs.swmansion.com/react-native-reanimated/docs/debugging/logger-configuration for more details.
 WARN  [Reanimated] Writing to `value` during component render. Please ensure that you don't access the `value` property nor use `set` method of a shared value while React is rendering a component.

If you don't want to see this message, you can disable the `strict` mode. Refer to:
https://docs.swmansion.com/react-native-reanimated/docs/debugging/logger-configuration for more details.
 WARN  [Reanimated] Writing to `value` during component render. Please ensure that you don't access the `value` property nor use `set` method of a shared value while React is rendering a component.

If you don't want to see this message, you can disable the `strict` mode. Refer to:
https://docs.swmansion.com/react-native-reanimated/docs/debugging/logger-configuration for more details.
 WARN  [Reanimated] Writing to `value` during component render. Please ensure that you don't access the `value` property nor use `set` method of a shared value while React is rendering a component.

If you don't want to see this message, you can disable the `strict` mode. Refer to:
https://docs.swmansion.com/react-native-reanimated/docs/debugging/logger-configuration for more details.
 WARN  [Reanimated] Writing to `value` during component render. Please ensure that you don't access the `value` property nor use `set` method of a shared value while React is rendering a component.

If you don't want to see this message, you can disable the `strict` mode. Refer to:
https://docs.swmansion.com/react-native-reanimated/docs/debugging/logger-configuration for more details.
 WARN  [Reanimated] Writing to `value` during component render. Please ensure that you don't access the `value` property nor use `set` method of a shared value while React is rendering a component.

If you don't want to see this message, you can disable the `strict` mode. Refer to:
https://docs.swmansion.com/react-native-reanimated/docs/debugging/logger-configuration for more details.
 WARN  [Reanimated] Writing to `value` during component render. Please ensure that you don't access the `value` property nor use `set` method of a shared value while React is rendering a component.

If you don't want to see this message, you can disable the `strict` mode. Refer to:
https://docs.swmansion.com/react-native-reanimated/docs/debugging/logger-configuration for more details.
 WARN  [Reanimated] Writing to `value` during component render. Please ensure that you don't access the `value` property nor use `set` method of a shared value while React is rendering a component.

If you don't want to see this message, you can disable the `strict` mode. Refer to:
https://docs.swmansion.com/react-native-reanimated/docs/debugging/logger-configuration for more details.
 WARN  [Reanimated] Writing to `value` during component render. Please ensure that you don't access the `value` property nor use `set` method of a shared value while React is rendering a component.

If you don't want to see this message, you can disable the `strict` mode. Refer to:
https://docs.swmansion.com/react-native-reanimated/docs/debugging/logger-configuration for more details.
 WARN  [Reanimated] Writing to `value` during component render. Please ensure that you don't access the `value` property nor use `set` method of a shared value while React is rendering a component.

If you don't want to see this message, you can disable the `strict` mode. Refer to:
https://docs.swmansion.com/react-native-reanimated/docs/debugging/logger-configuration for more details.
 WARN  [Reanimated] Writing to `value` during component render. Please ensure that you don't access the `value` property nor use `set` method of a shared value while React is rendering a component.

If you don't want to see this message, you can disable the `strict` mode. Refer to:
https://docs.swmansion.com/react-native-reanimated/docs/debugging/logger-configuration for more details.
 WARN  [Reanimated] Writing to `value` during component render. Please ensure that you don't access the `value` property nor use `set` method of a shared value while React is rendering a component.

If you don't want to see this message, you can disable the `strict` mode. Refer to:
https://docs.swmansion.com/react-native-reanimated/docs/debugging/logger-configuration for more details.
 WARN  [Reanimated] Writing to `value` during component render. Please ensure that you don't access the `value` property nor use `set` method of a shared value while React is rendering a component.

If you don't want to see this message, you can disable the `strict` mode. Refer to:
https://docs.swmansion.com/react-native-reanimated/docs/debugging/logger-configuration for more details.
 WARN  [Reanimated] Writing to `value` during component render. Please ensure that you don't access the `value` property nor use `set` method of a shared value while React is rendering a component.

If you don't want to see this message, you can disable the `strict` mode. Refer to:
https://docs.swmansion.com/react-native-reanimated/docs/debugging/logger-configuration for more details.
 WARN  [Reanimated] Writing to `value` during component render. Please ensure that you don't access the `value` property nor use `set` method of a shared value while React is rendering a component.

If you don't want to see this message, you can disable the `strict` mode. Refer to:
https://docs.swmansion.com/react-native-reanimated/docs/debugging/logger-configuration for more details.
 WARN  [Reanimated] Writing to `value` during component render. Please ensure that you don't access the `value` property nor use `set` method of a shared value while React is rendering a component.

If you don't want to see this message, you can disable the `strict` mode. Refer to:
https://docs.swmansion.com/react-native-reanimated/docs/debugging/logger-configuration for more details.
